C:/Users/Administrator/STM32CubeIDE/workspace_1.19.0.1/prj_smartfarm_0728/Core/My_Lib/my_library.h:20:12:__io_putchar	16	static,ignoring_inline_asm
C:/Users/Administrator/STM32CubeIDE/workspace_1.19.0.1/prj_smartfarm_0728/Core/My_Lib/my_library.h:52:6:vprint	224	static
C:/Users/Administrator/STM32CubeIDE/workspace_1.19.0.1/prj_smartfarm_0728/Core/My_Lib/my_library.h:84:6:my_printf	28	static
C:/Users/Administrator/STM32CubeIDE/workspace_1.19.0.1/prj_smartfarm_0728/Core/My_Lib/my_library.h:124:6:delay	16	static
C:/Users/Administrator/STM32CubeIDE/workspace_1.19.0.1/prj_smartfarm_0728/Core/My_Lib/my_library.h:131:6:Set_Pin_Output	40	static
C:/Users/Administrator/STM32CubeIDE/workspace_1.19.0.1/prj_smartfarm_0728/Core/My_Lib/my_library.h:140:6:Set_Pin_Input	40	static
C:/Users/Administrator/STM32CubeIDE/workspace_1.19.0.1/prj_smartfarm_0728/Core/My_Lib/my_library.h:149:6:DHT11_Start	8	static
C:/Users/Administrator/STM32CubeIDE/workspace_1.19.0.1/prj_smartfarm_0728/Core/My_Lib/my_library.h:162:9:DHT11_Check_Response	16	static
C:/Users/Administrator/STM32CubeIDE/workspace_1.19.0.1/prj_smartfarm_0728/Core/My_Lib/my_library.h:185:9:DHT11_Read	16	static
C:/Users/Administrator/STM32CubeIDE/workspace_1.19.0.1/prj_smartfarm_0728/Core/My_Lib/my_library.h:217:9:DHT11_Sensor_Test	40	static
C:/Users/Administrator/STM32CubeIDE/workspace_1.19.0.1/prj_smartfarm_0728/Core/My_Lib/my_library.h:256:7:DHT11_Run_RH	8	static
C:/Users/Administrator/STM32CubeIDE/workspace_1.19.0.1/prj_smartfarm_0728/Core/My_Lib/my_library.h:261:7:DHT11_Run_TEMP	8	static
C:/Users/Administrator/STM32CubeIDE/workspace_1.19.0.1/prj_smartfarm_0728/Core/My_Lib/my_library.h:278:9:check_light	120	static
C:/Users/Administrator/STM32CubeIDE/workspace_1.19.0.1/prj_smartfarm_0728/Core/My_Lib/my_library.h:308:7:read_light	8	static
C:/Users/Administrator/STM32CubeIDE/workspace_1.19.0.1/prj_smartfarm_0728/Core/My_Lib/my_library.h:311:7:read_light_lux	8	static
C:/Users/Administrator/STM32CubeIDE/workspace_1.19.0.1/prj_smartfarm_0728/Core/My_Lib/my_library.h:329:7:get_co2_step	48	static
C:/Users/Administrator/STM32CubeIDE/workspace_1.19.0.1/prj_smartfarm_0728/Core/My_Lib/my_library.h:349:9:check_co2	40	static
C:/Users/Administrator/STM32CubeIDE/workspace_1.19.0.1/prj_smartfarm_0728/Core/My_Lib/my_library.h:373:7:read_co2	8	static
C:/Users/Administrator/STM32CubeIDE/workspace_1.19.0.1/prj_smartfarm_0728/Core/My_Lib/my_library.h:410:7:isWaterDetected1	16	static
C:/Users/Administrator/STM32CubeIDE/workspace_1.19.0.1/prj_smartfarm_0728/Core/My_Lib/my_library.h:416:7:isWaterDetected2	16	static
C:/Users/Administrator/STM32CubeIDE/workspace_1.19.0.1/prj_smartfarm_0728/Core/My_Lib/my_library.h:437:6:parse_fixed_csv	48	static
C:/Users/Administrator/STM32CubeIDE/workspace_1.19.0.1/prj_smartfarm_0728/Core/My_Lib/my_library.h:471:6:fan_on	8	static
C:/Users/Administrator/STM32CubeIDE/workspace_1.19.0.1/prj_smartfarm_0728/Core/My_Lib/my_library.h:477:6:fan_off	8	static
C:/Users/Administrator/STM32CubeIDE/workspace_1.19.0.1/prj_smartfarm_0728/Core/My_Lib/my_library.h:501:6:Water_P1_Start	8	static
C:/Users/Administrator/STM32CubeIDE/workspace_1.19.0.1/prj_smartfarm_0728/Core/My_Lib/my_library.h:505:6:Water_P2_Start	8	static
C:/Users/Administrator/STM32CubeIDE/workspace_1.19.0.1/prj_smartfarm_0728/Core/My_Lib/my_library.h:510:6:Water_P1_Stop	8	static
C:/Users/Administrator/STM32CubeIDE/workspace_1.19.0.1/prj_smartfarm_0728/Core/My_Lib/my_library.h:514:6:Water_P2_Stop	8	static
C:/Users/Administrator/STM32CubeIDE/workspace_1.19.0.1/prj_smartfarm_0728/Core/My_Lib/my_library.h:531:6:light_on	32	static
C:/Users/Administrator/STM32CubeIDE/workspace_1.19.0.1/prj_smartfarm_0728/Core/My_Lib/my_library.h:540:6:test_led_mode	16	static
C:/Users/Administrator/STM32CubeIDE/workspace_1.19.0.1/prj_smartfarm_0728/Core/My_Lib/my_library.h:553:10:map	16	static
C:/Users/Administrator/STM32CubeIDE/workspace_1.19.0.1/prj_smartfarm_0728/Core/My_Lib/my_library.h:578:6:process_commands	24	static
C:/Users/Administrator/STM32CubeIDE/workspace_1.19.0.1/prj_smartfarm_0728/Core/My_Lib/my_library.h:631:6:Peltier_Cooling	8	static
C:/Users/Administrator/STM32CubeIDE/workspace_1.19.0.1/prj_smartfarm_0728/Core/My_Lib/my_library.h:642:6:Peltier_Heating	8	static
C:/Users/Administrator/STM32CubeIDE/workspace_1.19.0.1/prj_smartfarm_0728/Core/My_Lib/my_library.h:651:6:Peltier_Normal	8	static
../Core/Src/main.c:101:6:can_mcp2515_init	8	static
../Core/Src/main.c:156:5:main	112	static
../Core/Src/main.c:345:6:SystemClock_Config	88	static
../Core/Src/main.c:391:13:MX_NVIC_Init	8	static
../Core/Src/main.c:410:6:HAL_TIM_PeriodElapsedCallback	24	static
../Core/Src/main.c:477:6:Error_Handler	4	static,ignoring_inline_asm
