E:/song/AI_IOT_4/ARM/timer/Core/My_Prj/My_ARM_GPIO_Lib_V3_8.h:70:6:my_map	1
E:/song/AI_IOT_4/ARM/timer/Core/My_Prj/My_ARM_GPIO_Lib_V3_8.h:76:6:bit_tg	1
E:/song/AI_IOT_4/ARM/timer/Core/My_Prj/My_ARM_GPIO_Lib_V3_8.h:86:6:bit_tg_1	1
E:/song/AI_IOT_4/ARM/timer/Core/My_Prj/My_ARM_GPIO_Lib_V3_8.h:92:6:bit_set	1
E:/song/AI_IOT_4/ARM/timer/Core/My_Prj/My_ARM_GPIO_Lib_V3_8.h:99:6:bit_set_1	1
E:/song/AI_IOT_4/ARM/timer/Core/My_Prj/My_ARM_GPIO_Lib_V3_8.h:104:6:bit_clr	1
E:/song/AI_IOT_4/ARM/timer/Core/My_Prj/My_ARM_GPIO_Lib_V3_8.h:110:6:bit_clr_1	1
E:/song/AI_IOT_4/ARM/timer/Core/My_Prj/My_ARM_GPIO_Lib_V3_8.h:116:5:bit_chk	1
E:/song/AI_IOT_4/ARM/timer/Core/My_Prj/My_ARM_GPIO_Lib_V3_8.h:122:6:bit_to_byte	3
E:/song/AI_IOT_4/ARM/timer/Core/My_Prj/My_ARM_GPIO_Lib_V3_8.h:175:6:My_Port_Byte_Wr	1
E:/song/AI_IOT_4/ARM/timer/Core/My_Prj/My_ARM_GPIO_Lib_V3_8.h:271:5:My_Port_Byte_Rd	1
E:/song/AI_IOT_4/ARM/timer/Core/My_Prj/My_ARM_GPIO_Lib_V3_8.h:318:6:Byte_out_L	1
E:/song/AI_IOT_4/ARM/timer/Core/My_Prj/My_ARM_GPIO_Lib_V3_8.h:332:6:Byte_out_H	1
E:/song/AI_IOT_4/ARM/timer/Core/My_Prj/My_ARM_GPIO_Lib_V3_8.h:350:6:Word_out	1
E:/song/AI_IOT_4/ARM/timer/Core/My_Prj/My_ARM_GPIO_Lib_V3_8.h:356:6:PortA_out_L	1
E:/song/AI_IOT_4/ARM/timer/Core/My_Prj/My_ARM_GPIO_Lib_V3_8.h:367:6:PortA_out_H	1
E:/song/AI_IOT_4/ARM/timer/Core/My_Prj/My_ARM_GPIO_Lib_V3_8.h:379:6:PortA_out_WD	1
E:/song/AI_IOT_4/ARM/timer/Core/My_Prj/My_ARM_GPIO_Lib_V3_8.h:388:6:PortB_out_L	1
E:/song/AI_IOT_4/ARM/timer/Core/My_Prj/My_ARM_GPIO_Lib_V3_8.h:399:6:PortB_out_H	1
E:/song/AI_IOT_4/ARM/timer/Core/My_Prj/My_ARM_GPIO_Lib_V3_8.h:411:6:PortB_out_WD	1
E:/song/AI_IOT_4/ARM/timer/Core/My_Prj/My_ARM_GPIO_Lib_V3_8.h:420:6:PortC_out_L	1
E:/song/AI_IOT_4/ARM/timer/Core/My_Prj/My_ARM_GPIO_Lib_V3_8.h:433:6:PortC_out_H	1
E:/song/AI_IOT_4/ARM/timer/Core/My_Prj/My_ARM_GPIO_Lib_V3_8.h:445:6:PortC_out_WD	1
E:/song/AI_IOT_4/ARM/timer/Core/My_Prj/My_ARM_GPIO_Lib_V3_8.h:455:10:Byte_rd_L	1
E:/song/AI_IOT_4/ARM/timer/Core/My_Prj/My_ARM_GPIO_Lib_V3_8.h:463:10:Byte_rd_H	1
E:/song/AI_IOT_4/ARM/timer/Core/My_Prj/My_ARM_GPIO_Lib_V3_8.h:472:10:Word_rd	1
E:/song/AI_IOT_4/ARM/timer/Core/My_Prj/My_ARM_GPIO_Lib_V3_8.h:481:10:PortA_rd_L	1
E:/song/AI_IOT_4/ARM/timer/Core/My_Prj/My_ARM_GPIO_Lib_V3_8.h:491:10:PortA_rd_H	1
E:/song/AI_IOT_4/ARM/timer/Core/My_Prj/My_ARM_GPIO_Lib_V3_8.h:501:10:PortA_rd_WD	1
E:/song/AI_IOT_4/ARM/timer/Core/My_Prj/My_ARM_GPIO_Lib_V3_8.h:509:10:PortB_rd_L	1
E:/song/AI_IOT_4/ARM/timer/Core/My_Prj/My_ARM_GPIO_Lib_V3_8.h:519:10:PortB_rd_H	1
E:/song/AI_IOT_4/ARM/timer/Core/My_Prj/My_ARM_GPIO_Lib_V3_8.h:529:10:PortB_rd_WD	1
E:/song/AI_IOT_4/ARM/timer/Core/My_Prj/My_ARM_GPIO_Lib_V3_8.h:537:10:PortC_rd_L	1
E:/song/AI_IOT_4/ARM/timer/Core/My_Prj/My_ARM_GPIO_Lib_V3_8.h:547:10:PortC_rd_H	1
E:/song/AI_IOT_4/ARM/timer/Core/My_Prj/My_ARM_GPIO_Lib_V3_8.h:557:10:PortC_rd_WD	1
E:/song/AI_IOT_4/ARM/timer/Core/My_Prj/My_ARM_UART_Lib_V4_8.h:141:12:__io_putchar	1
C:\ST\STM32CubeIDE_1.19.0\STM32CubeIDE\plugins\com.st.stm32cube.ide.mcu.externaltools.gnu-tools-for-stm32.13.3.rel1.win32_1.0.0.202411081344\tools\bin/../lib/gcc/arm-none-eabi/13.3.1/../../../../arm-none-eabi/include/stdio.h:220:5:fputc	1
E:/song/AI_IOT_4/ARM/timer/Core/My_Prj/My_ARM_UART_Lib_V4_8.h:196:12:_write	2
E:/song/AI_IOT_4/ARM/timer/Core/My_Prj/My_ARM_UART_Lib_V4_8.h:210:12:__io_getchar	8
E:/song/AI_IOT_4/ARM/timer/Core/My_Prj/My_ARM_UART_Lib_V4_8.h:267:6:tx_send	3
E:/song/AI_IOT_4/ARM/timer/Core/My_Prj/My_ARM_UART_Lib_V4_8.h:311:6:tx_str	2
E:/song/AI_IOT_4/ARM/timer/Core/My_Prj/My_ARM_UART_Lib_V4_8.h:322:6:tx	2
E:/song/AI_IOT_4/ARM/timer/Core/My_Prj/My_ARM_UART_Lib_V4_8.h:334:6:vprint	3
E:/song/AI_IOT_4/ARM/timer/Core/My_Prj/My_ARM_UART_Lib_V4_8.h:367:6:my_printf	1
E:/song/AI_IOT_4/ARM/timer/Core/My_Prj/My_ARM_UART_Lib_V4_8.h:379:6:HAL_UART_RxCpltCallback	2
E:/song/AI_IOT_4/ARM/timer/Core/My_Prj/My_ARM_UART_Lib_V4_8.h:515:6:HAL_UARTEx_RxEventCallback	2
E:/song/AI_IOT_4/ARM/timer/Core/My_Prj/My_MCU_Printf_Lib_V2_6.h:180:6:dev_printf_int	2
E:/song/AI_IOT_4/ARM/timer/Core/My_Prj/My_MCU_Printf_Lib_V2_6.h:265:6:dev_printf	18
../Core/Src/main.c:117:6:HAL_TIM_PeriodElapsedCallback	6
../Core/Src/main.c:161:5:main	6
../Core/Src/main.c:266:6:SystemClock_Config	4
../Core/Src/main.c:319:13:MX_NVIC_Init	1
../Core/Src/main.c:346:6:Error_Handler	1
