11:03:37 **** Incremental Build of configuration Debug for project test ****
make -j12 all 
arm-none-eabi-gcc -o "test.elf" @"objects.list"   -mcpu=cortex-m4 -T"C:\Users\Administrator\STM32CubeIDE\workspace_1.19.0.1\test\STM32F446RETX_FLASH.ld" --specs=nosys.specs -Wl,-Map="test.map" -Wl,--gc-sections -static --specs=nano.specs -mfpu=fpv4-sp-d16 -mfloat-abi=hard -mthumb -Wl,--start-group -lc -lm -Wl,--end-group
Finished building target: test.elf
 
arm-none-eabi-size  test.elf 
arm-none-eabi-objdump -h -S test.elf  > "test.list"
   text	   data	    bss	    dec	    hex	filename
  13472	     12	   1804	  15288	   3bb8	test.elf
Finished building: default.size.stdout
 
Finished building: test.list
 

11:03:37 Build Finished. 0 errors, 0 warnings. (took 546ms)

