../Core/Src/stm32f4xx_it.c:80:6:NMI_Handler	4	static
../Core/Src/stm32f4xx_it.c:95:6:HardFault_Handler	4	static
../Core/Src/stm32f4xx_it.c:110:6:MemManage_Handler	4	static
../Core/Src/stm32f4xx_it.c:125:6:BusFault_Handler	4	static
../Core/Src/stm32f4xx_it.c:140:6:UsageFault_Handler	4	static
../Core/Src/stm32f4xx_it.c:155:6:SVC_Handler	4	static
../Core/Src/stm32f4xx_it.c:168:6:DebugMon_Handler	4	static
../Core/Src/stm32f4xx_it.c:181:6:PendSV_Handler	4	static
../Core/Src/stm32f4xx_it.c:194:6:SysTick_Handler	4	static
../Core/Src/stm32f4xx_it.c:215:6:TIM1_BRK_TIM9_IRQHandler	8	static
../Core/Src/stm32f4xx_it.c:229:6:TIM2_IRQHandler	8	static
../Core/Src/stm32f4xx_it.c:243:6:TIM3_IRQHandler	8	static
../Core/Src/stm32f4xx_it.c:257:6:TIM8_TRG_COM_TIM14_IRQHandler	8	static
../Core/Src/stm32f4xx_it.c:271:6:TIM5_IRQHandler	8	static
